---
source: tests/account.rs
expression: normalized_stdout
---
-------------------------------------------------------------------------------------------
 test.near                        At block #[BLOCK_NUM] 
                                  ([BLOCK_HASH]) 
-------------------------------------------------------------------------------------------
 NEAR Social profile unavailable  The profile can be edited at [34mhttps://near.social[39m 
                                  or using the cli command: [34mbos social-db manage-profile[39m 
                                  (https://github.com/bos-cli-rs/bos-cli-rs) 
-------------------------------------------------------------------------------------------
 Native account balance           1000000000 NEAR 
-------------------------------------------------------------------------------------------
 Validator stake                  50000000 NEAR 
-------------------------------------------------------------------------------------------
 Storage used by the account      182 B 
-------------------------------------------------------------------------------------------
 Contract                         No contract code 
-------------------------------------------------------------------------------------------
 Access keys                      1 full access keys and 0 function-call-only access keys 
-------------------------------------------------------------------------------------------
